MIT License

Copyright (c) 2026 Shreni

Permission is hereby granted, free of charge, to any person obtaining a copy
of this software and associated documentation files (the "Software"), to deal
in the Software without restriction, including without limitation the rights
to use, copy, modify, merge, publish, distribute, sublicense, and/or sell
copies of the Software, and to permit persons to whom the Software is
furnished to do so, subject to the following conditions:

The above copyright notice and this permission notice shall be included in all
copies or substantial portions of the Software.

THE SOFTWARE IS PROVIDED "AS IS", WITHOUT WARRANTY OF ANY KIND, EXPRESS OR
IMPLIED, INCLUDING BUT NOT LIMITED TO THE WARRANTIES OF MERCHANTABILITY,
FITNESS FOR A PARTICULAR PURPOSE AND NONINFRINGEMENT. IN NO EVENT SHALL THE
AUTHORS OR COPYRIGHT HOLDERS BE LIABLE FOR ANY CLAIM, DAMAGES OR OTHER
LIABILITY, WHETHER IN AN ACTION OF CONTRACT, TORT OR OTHERWISE, ARISING FROM,
OUT OF OR IN CONNECTION WITH THE SOFTWARE OR THE USE OR OTHER DEALINGS IN THE
SOFTWARE.





STATEMENT 1
SRUSHTI@Z0R0 MINGW64 ~
$ mkdir data-science-project
cd data-science-project

SRUSHTI@Z0R0 MINGW64 ~/data-science-project
$ git init
Initialized empty Git repository in C:/Users/SRUSHTI/data-science-project/.git/

SRUSHTI@Z0R0 MINGW64 ~/data-science-project (master)
$ touch program1.py
notepad program1.py

SRUSHTI@Z0R0 MINGW64 ~/data-science-project (master)
$ git add program1.py
git commit -m "Added multiplication table program"
[master (root-commit) d727d32] Added multiplication table program
 1 file changed, 4 insertions(+)
 create mode 100644 program1.py

SRUSHTI@Z0R0 MINGW64 ~/data-science-project (master)
$ git remote add origin https://github.com/srushti0001/data-science-project.git 
SRUSHTI@Z0R0 MINGW64 ~/data-science-project (master)
$ git push -u origin master
info: please complete authentication in your browser...
Enumerating objects: 3, done.
Counting objects: 100% (3/3), done.
Delta compression using up to 12 threads
Compressing objects: 100% (2/2), done.
Writing objects: 100% (3/3), 320 bytes | 160.00 KiB/s, done.
Total 3 (delta 0), reused 0 (delta 0), pack-reused 0 (from 0)
remote:
remote: Create a pull request for 'master' on GitHub by visiting:
remote:      https://github.com/srushti0001/data-science-project/pull/new/maste
remote:
To https://github.com/srushti0001/data-science-project.git
 * [new branch]      master -> master
branch 'master' set up to track 'origin/master'.

SRUSHTI@Z0R0 MINGW64 ~/data-science-project (master)
$ git checkout -b GIT-EXAM
Switched to a new branch 'GIT-EXAM'

SRUSHTI@Z0R0 MINGW64 ~/data-science-project (GIT-EXAM)
$ touch program2.py
notepad program2.py

SRUSHTI@Z0R0 MINGW64 ~/data-science-project (GIT-EXAM)
$ git add program2.py
git commit -m "Added greatest number program"
git push -u origin GIT-EXAM
[GIT-EXAM 23e7f48] Added greatest number program
 1 file changed, 7 insertions(+)
 create mode 100644 program2.py
Enumerating objects: 4, done.
Counting objects: 100% (4/4), done.
Delta compression using up to 12 threads
Compressing objects: 100% (3/3), done.
Writing objects: 100% (3/3), 385 bytes | 385.00 KiB/s, done.
Total 3 (delta 0), reused 0 (delta 0), pack-reused 0 (from 0)
remote:
remote: Create a pull request for 'GIT-EXAM' on GitHub by visiting:
remote:      https://github.com/srushti0001/data-science-project/pull/new/GIT-EXAM
remote:
To https://github.com/srushti0001/data-science-project.git
 * [new branch]      GIT-EXAM -> GIT-EXAM
branch 'GIT-EXAM' set up to track 'origin/GIT-EXAM'.

SRUSHTI@Z0R0 MINGW64 ~/data-science-project (GIT-EXAM)
$ git checkout master
git diff master GIT-EXAM
Switched to branch 'master'
Your branch is up to date with 'origin/master'.
diff --git a/program2.py b/program2.py
new file mode 100644
index 0000000..d77b784
--- /dev/null
+++ b/program2.py
@@ -0,0 +1,7 @@
+a = int(input("Enter first number: "))
+b = int(input("Enter second number: "))
+
+if a > b:
+    print("Greatest number is:", a)
+else:
+    print("Greatest number is:", b)
\ No newline at end of file

